Microchip Technology Inc, v2.10 (B)

Tool Name:
  c:\program files\microchip\xc16\v2.10\bin\bin\..\bin/elf-ld.exe

Command:
  -TC:\\Users\\amasou02\\AppData\\Local\\Temp\\tmp000038b4.00 \
  -TC:\\Users\\amasou02\\AppData\\Local\\Temp\\tmp000038b4.01 \
  -TC:\\Users\\amasou02\\AppData\\Local\\Temp\\tmp000038b4.02 \
  -TC:\\Users\\amasou02\\AppData\\Local\\Temp\\tmp000038b4.03 \
  -TC:\\Users\\amasou02\\AppData\\Local\\Temp\\tmp000038b4.04 \
  -TC:\\Users\\amasou02\\AppData\\Local\\Temp\\tmp000038b4.05 \
  -TC:\\Users\\amasou02\\AppData\\Local\\Temp\\tmp000038b4.06 \
  -p33EP128GS804 \
  --mdfp=C:/Program Files/Microchip/MPLABX/v6.05/packs/Microchip/dsPIC33E-GS_DFP/1.3.91/xc16 \
  -o \
  dist/default/debug/blinky_button.X.debug.elf \
  -Lc:/program files/microchip/xc16/v2.10/bin/bin/.. \
  -LC:/Program Files/Microchip/MPLABX/v6.05/packs/Microchip/dsPIC33E-GS_DFP/1.3.91/xc16/bin/../support/dsPIC33E/gld \
  -Lc:/program files/microchip/xc16/v2.10/bin/bin/../../lib \
  -Lc:/program files/microchip/xc16/v2.10/bin/bin/../../support/PIC24E/gld \
  -Lc:/program files/microchip/xc16/v2.10/bin/bin/../../support/PIC24F/gld \
  -Lc:/program files/microchip/xc16/v2.10/bin/bin/../../support/PIC24H/gld \
  -Lc:/program files/microchip/xc16/v2.10/bin/bin/../../support/dsPIC30F/gld \
  -Lc:/program files/microchip/xc16/v2.10/bin/bin/../../support/dsPIC33C/gld \
  -Lc:/program files/microchip/xc16/v2.10/bin/bin/../../support/dsPIC33E/gld \
  -Lc:/program files/microchip/xc16/v2.10/bin/bin/../../support/dsPIC33F/gld \
  build/default/debug/blinky1.o \
  build/default/debug/blinky3.o \
  build/default/debug/bsp_dspic33ep128gs804.o \
  build/default/debug/button2a.o \
  build/default/debug/button2b.o \
  build/default/debug/_ext/1564044098/sst_port.o \
  build/default/debug/_ext/1445274692/sst.o \
  build/default/debug/main.o \
  build/default/debug/system_dspic33ep128gs804.o \
  --local-stack \
  --defsym=__MPLAB_BUILD=1 \
  --defsym=__MPLAB_DEBUG=1 \
  --defsym=__DEBUG=1 \
  --defsym=__MPLAB_DEBUGGER_PK3=1 \
  -Tp33EP128GS804.gld.07 \
  --stack=16 \
  --check-sections \
  --data-init \
  --pack-data \
  --handles \
  --isr \
  --no-gc-sections \
  --fill-upper=0 \
  --stackguard=16 \
  --no-force-link \
  --smart-io \
  -Map=dist/default/debug/blinky_button.X.debug.map \
  --report-mem \
  --memorysummary \
  dist/default/debug/memoryfile.xml \
  -start-group \
  --library=c99-pic30-elf \
  --library=m-elf \
  --library=c99-elf \
  -end-group \


Optional library libp33EP128GS804.a not found
Archive member included because of file (symbol)

c:/program files/microchip/xc16/v2.10/bin/bin/../../lib\libc99-pic30-elf.a(crt0_extendedep.o)
                              (__resetPRI)
c:/program files/microchip/xc16/v2.10/bin/bin/../../lib\libc99-pic30-elf.a(data_init_extended.o)
                              c:/program files/microchip/xc16/v2.10/bin/bin/../../lib\libc99-pic30-elf.a(crt0_extendedep.o) (__data_init_extended)
c:/program files/microchip/xc16/v2.10/bin/bin/../../lib\libc99-pic30-elf.a(crt_start_mode_normalep.Meo)
                              (__crt_start_mode_normal)
c:/program files/microchip/xc16/v2.10/bin/bin/../../lib\libc99-pic30-elf.a(feqltle.EP_o)
                              build/default/debug/bsp_dspic33ep128gs804.o (___lesf2)
c:/program files/microchip/xc16/v2.10/bin/bin/../../lib\libc99-pic30-elf.a(fgtge.EP_o)
                              build/default/debug/bsp_dspic33ep128gs804.o (___gesf2)
c:/program files/microchip/xc16/v2.10/bin/bin/../../lib\libc99-pic30-elf.a(fixunssfsi.EP_o)
                              build/default/debug/system_dspic33ep128gs804.o (___fixunssfsi)
c:/program files/microchip/xc16/v2.10/bin/bin/../../lib\libc99-pic30-elf.a(floatunsisf.EP_o)
                              build/default/debug/system_dspic33ep128gs804.o (___floatunsisf)
c:/program files/microchip/xc16/v2.10/bin/bin/../../lib\libc99-pic30-elf.a(funpack.EP_o)
                              c:/program files/microchip/xc16/v2.10/bin/bin/../../lib\libc99-pic30-elf.a(fixunssfsi.EP_o) (__funpack)
c:/program files/microchip/xc16/v2.10/bin/bin/../../lib\libc99-pic30-elf.a(addsf3x.EP_o)
                              build/default/debug/bsp_dspic33ep128gs804.o (___subsf3)
c:/program files/microchip/xc16/v2.10/bin/bin/../../lib\libc99-pic30-elf.a(divsf3x.EP_o)
                              build/default/debug/bsp_dspic33ep128gs804.o (___divsf3)
c:/program files/microchip/xc16/v2.10/bin/bin/../../lib\libc99-pic30-elf.a(mulsf3x.EP_o)
                              build/default/debug/system_dspic33ep128gs804.o (___mulsf3)
c:/program files/microchip/xc16/v2.10/bin/bin/../../lib\libc99-pic30-elf.a(dnrmpackfx.EP_o)
                              c:/program files/microchip/xc16/v2.10/bin/bin/../../lib\libc99-pic30-elf.a(addsf3x.EP_o) (__dnrmpackf)
c:/program files/microchip/xc16/v2.10/bin/bin/../../lib\libc99-pic30-elf.a(unpackdnrmfx.EP_o)
[...]
Memory Configuration

Name             Origin             Length             Attributes
data             0x001000           0x002000           a !xr
pga1cal          0x800e48           0x000002  
pga2cal          0x800e4c           0x000002  
isrccal          0x800e78           0x000002  
FBOOT            0x801000           0x000002  
reset            0x000000           0x000004  
ivt              0x000004           0x0001fc  
program          0x000200           0x015580           xr
FSEC             0x015780           0x000002  
FBSLIM           0x015790           0x000002  
FSIGN            0x015794           0x000002  
FOSCSEL          0x015798           0x000002  
FOSC             0x01579c           0x000002  
FWDT             0x0157a0           0x000002  
FPOR             0x0157a4           0x000002  
FICD             0x0157a8           0x000002  
FDEVOPT          0x0157ac           0x000002  
FALTREG          0x0157b0           0x000002  
FBTSEQ           0x0157fc           0x000002  
*default*        0x000000           0xffffffff  

Linker script and memory map


reserve_data_0x1000
                    0x1000         0x1c
                    0x101c                  . = 0x1c
 *fill*             0x1000         0x1c00

reserve_data_0x101c
                    0x101c          0x2
                    0x101e                  . = 0x2
 *fill*             0x101c          0x200

reserve_data_0x101e
                    0x101e          0x2
                    0x1020                  . = 0x2
 *fill*             0x101e          0x200

reserve_data_0x1020
                    0x1020          0x2
                    0x1022                  . = 0x2
 *fill*             0x1020          0x200

reserve_data_0x1022
                    0x1022          0x2
                    0x1024                  . = 0x2
 *fill*             0x1022          0x200

reserve_data_0x1024
                    0x1024          0x4
                    0x1028                  . = 0x4
 *fill*             0x1024          0x400

reserve_data_0x1028
                    0x1028         0x28
                    0x1050                  . = 0x28
 *fill*             0x1028         0x2800
LOAD build/default/debug/blinky1.o
LOAD build/default/debug/blinky3.o
LOAD build/default/debug/bsp_dspic33ep128gs804.o
LOAD build/default/debug/button2a.o
LOAD build/default/debug/button2b.o
LOAD build/default/debug/_ext/1564044098/sst_port.o
LOAD build/default/debug/_ext/1445274692/sst.o
LOAD build/default/debug/main.o
LOAD build/default/debug/system_dspic33ep128gs804.o
                    0x0001                  __MPLAB_BUILD = 0x1
                    0x0001                  __MPLAB_DEBUG = 0x1
                    0x0001                  __DEBUG = 0x1
                    0x0001                  __MPLAB_DEBUGGER_PK3 = 0x1
LOAD p33EP128GS804
LOAD c:/program files/microchip/xc16/v2.10/bin/bin/../../lib\libfx-elf.a
                    0x801000                  __FBOOT = 0x801000
                    0x15780                  __FSEC = 0x15780
                    0x15790                  __FBSLIM = 0x15790
                    0x15794                  __FSIGN = 0x15794
                    0x15798                  __FOSCSEL = 0x15798
                    0x1579c                  __FOSC = 0x1579c
                    0x157a0                  __FWDT = 0x157a0
                    0x157a4                  __FPOR = 0x157a4
                    0x157a8                  __FICD = 0x157a8
                    0x157ac                  __FDEVOPT = 0x157ac
                    0x157b0                  __FALTREG = 0x157b0
                    0x157fc                  __FBTSEQ = 0x157fc
                    0x0200                  __CODE_BASE = 0x200
                    0x15580                  __CODE_LENGTH = 0x15580
                    0x0004                  __IVT_BASE = 0x4
                    0x1000                  __DATA_BASE = 0x1000
                    0x2000                  __DATA_LENGTH = 0x2000
                    0x2000                  __YDATA_BASE = 0x2000

.reset            0x000000          0x4
                  0x000000          0x2 SHORT 0x200 ABSOLUTE (__reset)
                  0x000001          0x2 SHORT 0x4
                  0x000002          0x2 SHORT 0x0 ((ABSOLUTE (__reset) >> 0x10) & 0x7f)
                  0x000003          0x2 SHORT 0x0

.text             0x000200        0xad8
 *(.init)
 .init            0x000200         0x48 c:/program files/microchip/xc16/v2.10/bin/bin/../../lib\libc99-pic30-elf.a(crt0_extendedep.o)
                  0x000200                  __resetPRI
                  0x000200                  __reset
                  0x00023c                  __psv_init
 .init            0x000248         0xb2 c:/program files/microchip/xc16/v2.10/bin/bin/../../lib\libc99-pic30-elf.a(data_init_extended.o)
                  0x000248                  __data_init
                  0x000248                  __data_init_extended
 *(.user_init)
 *(.handle)
 .handle          0x0002fa         0x20 jump_table
 *(.isr*)
 .isr.text        0x00031a         0x9e build/default/debug/bsp_dspic33ep128gs804.o
                  0x00031a                  __T1Interrupt
                  0x000338                  __PTG0Interrupt
                  0x000358                  __PTG1Interrupt
                  0x000378                  __PTG2Interrupt
                  0x000398                  __PTG3Interrupt
 .isr             0x0003b8          0x4 default_isr
                  0x0003b8                  __DefaultInterrupt
 *(.libc)
 *(.libm)
 *(.libdsp)
 *(.lib*)
 .libpic30_crt_start_mode
                  0x0003bc          0x2 c:/program files/microchip/xc16/v2.10/bin/bin/../../lib\libc99-pic30-elf.a(crt_start_mode_normalep.Meo)
                  0x0003bc                  __crt_start_mode
                  0x0003bc                  __crt_start_mode_normal
 .libm.eqsf2      0x0003be          0x4 c:/program files/microchip/xc16/v2.10/bin/bin/../../lib\libc99-pic30-elf.a(feqltle.EP_o)
                  0x0003be                  ___eqsf2
                  0x0003be                  ___ltsf2
                  0x0003be                  ___lesf2
 .libm.gtsf2      0x0003c2          0x4 c:/program files/microchip/xc16/v2.10/bin/bin/../../lib\libc99-pic30-elf.a(fgtge.EP_o)
                  0x0003c2                  ___gesf2
                  0x0003c2                  ___gtsf2
 .libm.fixunssfsi
                  0x0003c6         0x36 c:/program files/microchip/xc16/v2.10/bin/bin/../../lib\libc99-pic30-elf.a(fixunssfsi.EP_o)
                  0x0003c6                  ___fixunssfsi
 .libm.floatunsisf
                  0x0003fc          0x4 c:/program files/microchip/xc16/v2.10/bin/bin/../../lib\libc99-pic30-elf.a(floatunsisf.EP_o)
                  0x0003fc                  ___floatunsisf
 .libm.funpack    0x000400         0x2a c:/program files/microchip/xc16/v2.10/bin/bin/../../lib\libc99-pic30-elf.a(funpack.EP_o)
                  0x000400                  __funpack
 .libmx           0x00042a        0x1dc c:/program files/microchip/xc16/v2.10/bin/bin/../../lib\libc99-pic30-elf.a(addsf3x.EP_o)
                  0x00042a                  ___subsf3x
                  0x00042a                  ___subsf3
                  0x00043c                  ___addsf3x
                  0x00043c                  ___addsf3
 .libmx           0x000606        0x1be c:/program files/microchip/xc16/v2.10/bin/bin/../../lib\libc99-pic30-elf.a(divsf3x.EP_o)
                  0x000606                  ___divsf3x
                  0x000606                  ___divsf3
                  0x000798                  __sdivf
 .libmx           0x0007c4        0x10c c:/program files/microchip/xc16/v2.10/bin/bin/../../lib\libc99-pic30-elf.a(mulsf3x.EP_o)
                  0x0007c4                  ___mulsf3x
                  0x0007c4                  ___mulsf3
 .libmx           0x0008d0         0x54 c:/program files/microchip/xc16/v2.10/bin/bin/../../lib\libc99-pic30-elf.a(dnrmpackfx.EP_o)
                  0x0008d0                  __dnrmpackf
 .libmx           0x000924         0x5e c:/program files/microchip/xc16/v2.10/bin/bin/../../lib\libc99-pic30-elf.a(unpackdnrmfx.EP_o)
                  0x000924                  __unpackdnrmf
 .libmx           0x000982         0x34 c:/program files/microchip/xc16/v2.10/bin/bin/../../lib\libc99-pic30-elf.a(typefx.EP_o)
                  0x000982                  __typef
 .libmx           0x0009b6         0x12 c:/program files/microchip/xc16/v2.10/bin/bin/../../lib\libc99-pic30-elf.a(propnanfx.EP_o)
                  0x0009b6                  __propnanf
 .libmx           0x0009c8         0xa6 c:/program files/microchip/xc16/v2.10/bin/bin/../../lib\libc99-pic30-elf.a(spackfx.EP_o)
                  0x0009c8                  __spackf
 .libmx           0x000a6e         0x66 c:/program files/microchip/xc16/v2.10/bin/bin/../../lib\libc99-pic30-elf.a(unpackfx.EP_o)
                  0x000a6e                  __unpackf
 .libm.fcompare
                  0x000ad4         0x36 c:/program files/microchip/xc16/v2.10/bin/bin/../../lib\libc99-pic30-elf.a(fcompare.EP_o)
                  0x000ad4                  __fcompare
 .libm.floatundisf
                  0x000b0a         0x5e c:/program files/microchip/xc16/v2.10/bin/bin/../../lib\libc99-pic30-elf.a(floatundisf.EP_o)
                  0x000b0a                  ___floatundisf
 .libm.fpack      0x000b68         0x4c c:/program files/microchip/xc16/v2.10/bin/bin/../../lib\libc99-pic30-elf.a(fpack.EP_o)
                  0x000b68                  __fpack
 .libm.funpack2
                  0x000bb4         0x10 c:/program files/microchip/xc16/v2.10/bin/bin/../../lib\libc99-pic30-elf.a(funpack2.EP_o)
                  0x000bb4                  __funpack2
 .libc.sqrtf      0x000bc4        0x114 c:/program files/microchip/xc16/v2.10/bin/bin/../../lib\libm-elf.a(sqrtf.EP_o)
                  0x000bc4                  _sqrtf

usercode
 *(usercode)

__FBOOT
 *(__FBOOT.sec*)

__FSEC            0x015780          0x2
 *(__FSEC.sec*)
 __FSEC.sec       0x015780          0x2 /CW/_FSEC
                  0x015780                  __FSEC.sec

__FBSLIM
 *(__FBSLIM.sec*)

__FSIGN
 *(__FSIGN.sec*)

__FOSCSEL
 *(__FOSCSEL.sec*)

__FOSC
 *(__FOSC.sec*)

__FWDT
 *(__FWDT.sec*)

__FPOR
 *(__FPOR.sec*)

__FICD
 *(__FICD.sec*)

__FDEVOPT
 *(__FDEVOPT.sec*)

__FALTREG
 *(__FALTREG.sec*)

__FBTSEQ
 *(__FBTSEQ.sec*)

.comment
 *(.comment)

.debug_info       0x000000       0x5e73
 *(.debug_info)
 .debug_info      0x000000        0x5c7 build/default/debug/blinky1.o
 .debug_info      0x0005c7        0x59c build/default/debug/blinky3.o
 .debug_info      0x000b63       0x16e0 build/default/debug/bsp_dspic33ep128gs804.o
 .debug_info      0x002243        0x571 build/default/debug/button2a.o
 .debug_info      0x0027b4        0x52c build/default/debug/button2b.o
 .debug_info      0x002ce0        0x801 build/default/debug/_ext/1564044098/sst_port.o
 .debug_info      0x0034e1        0x7bc build/default/debug/_ext/1445274692/sst.o
 .debug_info      0x003c9d        0x3c6 build/default/debug/main.o
 .debug_info      0x004063       0x1383 build/default/debug/system_dspic33ep128gs804.o
 .debug_info      0x0053e6         0x8d c:/program files/microchip/xc16/v2.10/bin/bin/../../lib\libc99-pic30-elf.a(feqltle.EP_o)
 .debug_info      0x005473         0x8b c:/program files/microchip/xc16/v2.10/bin/bin/../../lib\libc99-pic30-elf.a(fgtge.EP_o)
 .debug_info      0x0054fe         0x90 c:/program files/microchip/xc16/v2.10/bin/bin/../../lib\libc99-pic30-elf.a(fixunssfsi.EP_o)
 .debug_info      0x00558e         0x91 c:/program files/microchip/xc16/v2.10/bin/bin/../../lib\libc99-pic30-elf.a(floatunsisf.EP_o)
 .debug_info      0x00561f         0x8d c:/program files/microchip/xc16/v2.10/bin/bin/../../lib\libc99-pic30-elf.a(funpack.EP_o)
 .debug_info      0x0056ac         0x9d c:/program files/microchip/xc16/v2.10/bin/bin/../../lib\libc99-pic30-elf.a(addsf3x.EP_o)
 .debug_info      0x005749         0x9d c:/program files/microchip/xc16/v2.10/bin/bin/../../lib\libc99-pic30-elf.a(divsf3x.EP_o)
 .debug_info      0x0057e6         0x9d c:/program files/microchip/xc16/v2.10/bin/bin/../../lib\libc99-pic30-elf.a(mulsf3x.EP_o)
 .debug_info      0x005883         0xa0 c:/program files/microchip/xc16/v2.10/bin/bin/../../lib\libc99-pic30-elf.a(dnrmpackfx.EP_o)
 .debug_info      0x005923         0xa2 c:/program files/microchip/xc16/v2.10/bin/bin/../../lib\libc99-pic30-elf.a(unpackdnrmfx.EP_o)
 .debug_info      0x0059c5         0x9c c:/program files/microchip/xc16/v2.10/bin/bin/../../lib\libc99-pic30-elf.a(typefx.EP_o)
 .debug_info      0x005a61         0x9f c:/program files/microchip/xc16/v2.10/bin/bin/../../lib\libc99-pic30-elf.a(propnanfx.EP_o)
 .debug_info      0x005b00         0x9d c:/program files/microchip/xc16/v2.10/bin/bin/../../lib\libc99-pic30-elf.a(spackfx.EP_o)
 .debug_info      0x005b9d         0x9e c:/program files/microchip/xc16/v2.10/bin/bin/../../lib\libc99-pic30-elf.a(unpackfx.EP_o)
 .debug_info      0x005c3b         0x8e c:/program files/microchip/xc16/v2.10/bin/bin/../../lib\libc99-pic30-elf.a(fcompare.EP_o)
 .debug_info      0x005cc9         0x91 c:/program files/microchip/xc16/v2.10/bin/bin/../../lib\libc99-pic30-elf.a(floatundisf.EP_o)
 .debug_info      0x005d5a         0x8b c:/program files/microchip/xc16/v2.10/bin/bin/../../lib\libc99-pic30-elf.a(fpack.EP_o)
 .debug_info      0x005de5         0x8e c:/program files/microchip/xc16/v2.10/bin/bin/../../lib\libc99-pic30-elf.a(funpack2.EP_o)
 *(.gnu.linkonce.wi.*)

.debug_abbrev     0x000000        0xd85
 *(.debug_abbrev)
 .debug_abbrev    0x000000        0x117 build/default/debug/blinky1.o
 .debug_abbrev    0x000117        0x117 build/default/debug/blinky3.o
 .debug_abbrev    0x00022e        0x1fa build/default/debug/bsp_dspic33ep128gs804.o
 .debug_abbrev    0x000428        0x133 build/default/debug/button2a.o
 .debug_abbrev    0x00055b        0x133 build/default/debug/button2b.o
 .debug_abbrev    0x00068e        0x1df build/default/debug/_ext/1564044098/sst_port.o
 .debug_abbrev    0x00086d        0x187 build/default/debug/_ext/1445274692/sst.o
 .debug_abbrev    0x0009f4         0xd4 build/default/debug/main.o
 .debug_abbrev    0x000ac8        0x155 build/default/debug/system_dspic33ep128gs804.o
 .debug_abbrev    0x000c1d         0x14 c:/program files/microchip/xc16/v2.10/bin/bin/../../lib\libc99-pic30-elf.a(feqltle.EP_o)
 .debug_abbrev    0x000c31         0x14 c:/program files/microchip/xc16/v2.10/bin/bin/../../lib\libc99-pic30-elf.a(fgtge.EP_o)
 .debug_abbrev    0x000c45         0x14 c:/program files/microchip/xc16/v2.10/bin/bin/../../lib\libc99-pic30-elf.a(fixunssfsi.EP_o)
 .debug_abbrev    0x000c59         0x14 c:/program files/microchip/xc16/v2.10/bin/bin/../../lib\libc99-pic30-elf.a(floatunsisf.EP_o)
 .debug_abbrev    0x000c6d         0x14 c:/program files/microchip/xc16/v2.10/bin/bin/../../lib\libc99-pic30-elf.a(funpack.EP_o)
 .debug_abbrev    0x000c81         0x14 c:/program files/microchip/xc16/v2.10/bin/bin/../../lib\libc99-pic30-elf.a(addsf3x.EP_o)
 .debug_abbrev    0x000c95         0x14 c:/program files/microchip/xc16/v2.10/bin/bin/../../lib\libc99-pic30-elf.a(divsf3x.EP_o)
 .debug_abbrev    0x000ca9         0x14 c:/program files/microchip/xc16/v2.10/bin/bin/../../lib\libc99-pic30-elf.a(mulsf3x.EP_o)
 .debug_abbrev    0x000cbd         0x14 c:/program files/microchip/xc16/v2.10/bin/bin/../../lib\libc99-pic30-elf.a(dnrmpackfx.EP_o)
 .debug_abbrev    0x000cd1         0x14 c:/program files/microchip/xc16/v2.10/bin/bin/../../lib\libc99-pic30-elf.a(unpackdnrmfx.EP_o)
 .debug_abbrev    0x000ce5         0x14 c:/program files/microchip/xc16/v2.10/bin/bin/../../lib\libc99-pic30-elf.a(typefx.EP_o)
 .debug_abbrev    0x000cf9         0x14 c:/program files/microchip/xc16/v2.10/bin/bin/../../lib\libc99-pic30-elf.a(propnanfx.EP_o)
 .debug_abbrev    0x000d0d         0x14 c:/program files/microchip/xc16/v2.10/bin/bin/../../lib\libc99-pic30-elf.a(spackfx.EP_o)
 .debug_abbrev    0x000d21         0x14 c:/program files/microchip/xc16/v2.10/bin/bin/../../lib\libc99-pic30-elf.a(unpackfx.EP_o)
 .debug_abbrev    0x000d35         0x14 c:/program files/microchip/xc16/v2.10/bin/bin/../../lib\libc99-pic30-elf.a(fcompare.EP_o)
 .debug_abbrev    0x000d49         0x14 c:/program files/microchip/xc16/v2.10/bin/bin/../../lib\libc99-pic30-elf.a(floatundisf.EP_o)
 .debug_abbrev    0x000d5d         0x14 c:/program files/microchip/xc16/v2.10/bin/bin/../../lib\libc99-pic30-elf.a(fpack.EP_o)
 .debug_abbrev    0x000d71         0x14 c:/program files/microchip/xc16/v2.10/bin/bin/../../lib\libc99-pic30-elf.a(funpack2.EP_o)

.debug_line       0x000000       0x1343
 *(.debug_line)
 .debug_line      0x000000         0xf5 build/default/debug/blinky1.o
 .debug_line      0x0000f5         0xd3 build/default/debug/blinky3.o
 .debug_line      0x0001c8        0x207 build/default/debug/bsp_dspic33ep128gs804.o
 .debug_line      0x0003cf         0xfc build/default/debug/button2a.o
 .debug_line      0x0004cb         0xd1 build/default/debug/button2b.o
 .debug_line      0x00059c        0x177 build/default/debug/_ext/1564044098/sst_port.o
 .debug_line      0x000713        0x171 build/default/debug/_ext/1445274692/sst.o
 .debug_line      0x000884         0xbd build/default/debug/main.o
 .debug_line      0x000941        0x17b build/default/debug/system_dspic33ep128gs804.o
 .debug_line      0x000abc         0x37 c:/program files/microchip/xc16/v2.10/bin/bin/../../lib\libc99-pic30-elf.a(feqltle.EP_o)
 .debug_line      0x000af3         0x35 c:/program files/microchip/xc16/v2.10/bin/bin/../../lib\libc99-pic30-elf.a(fgtge.EP_o)
 .debug_line      0x000b28         0x53 c:/program files/microchip/xc16/v2.10/bin/bin/../../lib\libc99-pic30-elf.a(fixunssfsi.EP_o)
 .debug_line      0x000b7b         0x3b c:/program files/microchip/xc16/v2.10/bin/bin/../../lib\libc99-pic30-elf.a(floatunsisf.EP_o)
 .debug_line      0x000bb6         0x4a c:/program files/microchip/xc16/v2.10/bin/bin/../../lib\libc99-pic30-elf.a(funpack.EP_o)
 .debug_line      0x000c00        0x136 c:/program files/microchip/xc16/v2.10/bin/bin/../../lib\libc99-pic30-elf.a(addsf3x.EP_o)
 .debug_line      0x000d36        0x124 c:/program files/microchip/xc16/v2.10/bin/bin/../../lib\libc99-pic30-elf.a(divsf3x.EP_o)
 .debug_line      0x000e5a         0xcc c:/program files/microchip/xc16/v2.10/bin/bin/../../lib\libc99-pic30-elf.a(mulsf3x.EP_o)
 .debug_line      0x000f26         0x72 c:/program files/microchip/xc16/v2.10/bin/bin/../../lib\libc99-pic30-elf.a(dnrmpackfx.EP_o)
 .debug_line      0x000f98         0x7a c:/program files/microchip/xc16/v2.10/bin/bin/../../lib\libc99-pic30-elf.a(unpackdnrmfx.EP_o)
 .debug_line      0x001012         0x5e c:/program files/microchip/xc16/v2.10/bin/bin/../../lib\libc99-pic30-elf.a(typefx.EP_o)
 .debug_line      0x001070         0x51 c:/program files/microchip/xc16/v2.10/bin/bin/../../lib\libc99-pic30-elf.a(propnanfx.EP_o)
 .debug_line      0x0010c1         0x98 c:/program files/microchip/xc16/v2.10/bin/bin/../../lib\libc99-pic30-elf.a(spackfx.EP_o)
 .debug_line      0x001159         0x79 c:/program files/microchip/xc16/v2.10/bin/bin/../../lib\libc99-pic30-elf.a(unpackfx.EP_o)
 .debug_line      0x0011d2         0x1a c:/program files/microchip/xc16/v2.10/bin/bin/../../lib\libc99-pic30-elf.a(errno.EP_o)
 .debug_line      0x0011ec         0x53 c:/program files/microchip/xc16/v2.10/bin/bin/../../lib\libc99-pic30-elf.a(fcompare.EP_o)
 .debug_line      0x00123f         0x6c c:/program files/microchip/xc16/v2.10/bin/bin/../../lib\libc99-pic30-elf.a(floatundisf.EP_o)
 .debug_line      0x0012ab         0x5a c:/program files/microchip/xc16/v2.10/bin/bin/../../lib\libc99-pic30-elf.a(fpack.EP_o)
 .debug_line      0x001305         0x3e c:/program files/microchip/xc16/v2.10/bin/bin/../../lib\libc99-pic30-elf.a(funpack2.EP_o)

.debug_frame      0x000000        0x864
 *(.debug_frame)
 .debug_frame     0x000000         0x7c build/default/debug/blinky1.o
 .debug_frame     0x00007c         0x7c build/default/debug/blinky3.o
 .debug_frame     0x0000f8        0x380 build/default/debug/bsp_dspic33ep128gs804.o
 .debug_frame     0x000478         0x7c build/default/debug/button2a.o
 .debug_frame     0x0004f4         0x7c build/default/debug/button2b.o
 .debug_frame     0x000570         0xfe build/default/debug/_ext/1564044098/sst_port.o
 .debug_frame     0x00066e         0xe4 build/default/debug/_ext/1445274692/sst.o
 .debug_frame     0x000752         0x2e build/default/debug/main.o
 .debug_frame     0x000780         0xe4 build/default/debug/system_dspic33ep128gs804.o

.debug_str        0x000000        0x186
 *(.debug_str)
 .debug_str       0x000000         0x15 build/default/debug/blinky1.o
 .debug_str       0x000015         0x15 build/default/debug/blinky3.o
 .debug_str       0x00002a         0x64 build/default/debug/bsp_dspic33ep128gs804.o
 .debug_str       0x00008e         0x20 build/default/debug/button2a.o
 .debug_str       0x0000ae         0x14 build/default/debug/button2b.o
 .debug_str       0x0000c2         0x24 build/default/debug/_ext/1564044098/sst_port.o
 .debug_str       0x0000e6         0x42 build/default/debug/_ext/1445274692/sst.o
 .debug_str       0x000128         0x37 build/default/debug/main.o
 .debug_str       0x00015f         0x27 build/default/debug/system_dspic33ep128gs804.o

.debug_loc
 *(.debug_loc)

.debug_macinfo
 *(.debug_macinfo)

.debug_pubnames
                  0x000000        0x4c5
 *(.debug_pubnames)
 .debug_pubnames
                  0x000000         0x39 build/default/debug/blinky1.o
 .debug_pubnames
                  0x000039         0x39 build/default/debug/blinky3.o
 .debug_pubnames
                  0x000072        0x1ad build/default/debug/bsp_dspic33ep128gs804.o
 .debug_pubnames
                  0x00021f         0x3b build/default/debug/button2a.o
 .debug_pubnames
                  0x00025a         0x3b build/default/debug/button2b.o
 .debug_pubnames
                  0x000295         0xa5 build/default/debug/_ext/1564044098/sst_port.o
 .debug_pubnames
                  0x00033a         0xaf build/default/debug/_ext/1445274692/sst.o
 .debug_pubnames
                  0x0003e9         0x1b build/default/debug/main.o
 .debug_pubnames
                  0x000404         0xc1 build/default/debug/system_dspic33ep128gs804.o

.debug_ranges
 *(.debug_ranges)

.debug_aranges    0x000000        0x318
 *(.debug_aranges)
 .debug_aranges
                  0x000000         0x18 build/default/debug/blinky1.o
 .debug_aranges
                  0x000018         0x18 build/default/debug/blinky3.o
 .debug_aranges
                  0x000030         0x18 build/default/debug/bsp_dspic33ep128gs804.o
 .debug_aranges
                  0x000048         0x18 build/default/debug/button2a.o
 .debug_aranges
                  0x000060         0x18 build/default/debug/button2b.o
 .debug_aranges
                  0x000078         0x18 build/default/debug/_ext/1564044098/sst_port.o
 .debug_aranges
                  0x000090         0x18 build/default/debug/_ext/1445274692/sst.o
 .debug_aranges
                  0x0000a8         0x18 build/default/debug/main.o
 .debug_aranges
                  0x0000c0         0x18 build/default/debug/system_dspic33ep128gs804.o
 .debug_aranges
                  0x0000d8         0x20 c:/program files/microchip/xc16/v2.10/bin/bin/../../lib\libc99-pic30-elf.a(feqltle.EP_o)
 .debug_aranges
                  0x0000f8         0x20 c:/program files/microchip/xc16/v2.10/bin/bin/../../lib\libc99-pic30-elf.a(fgtge.EP_o)
 .debug_aranges
                  0x000118         0x20 c:/program files/microchip/xc16/v2.10/bin/bin/../../lib\libc99-pic30-elf.a(fixunssfsi.EP_o)
 .debug_aranges
                  0x000138         0x20 c:/program files/microchip/xc16/v2.10/bin/bin/../../lib\libc99-pic30-elf.a(floatunsisf.EP_o)
 .debug_aranges
                  0x000158         0x20 c:/program files/microchip/xc16/v2.10/bin/bin/../../lib\libc99-pic30-elf.a(funpack.EP_o)
 .debug_aranges
                  0x000178         0x20 c:/program files/microchip/xc16/v2.10/bin/bin/../../lib\libc99-pic30-elf.a(addsf3x.EP_o)
 .debug_aranges
                  0x000198         0x20 c:/program files/microchip/xc16/v2.10/bin/bin/../../lib\libc99-pic30-elf.a(divsf3x.EP_o)
 .debug_aranges
                  0x0001b8         0x20 c:/program files/microchip/xc16/v2.10/bin/bin/../../lib\libc99-pic30-elf.a(mulsf3x.EP_o)
 .debug_aranges
                  0x0001d8         0x20 c:/program files/microchip/xc16/v2.10/bin/bin/../../lib\libc99-pic30-elf.a(dnrmpackfx.EP_o)
 .debug_aranges
                  0x0001f8         0x20 c:/program files/microchip/xc16/v2.10/bin/bin/../../lib\libc99-pic30-elf.a(unpackdnrmfx.EP_o)
 .debug_aranges
                  0x000218         0x20 c:/program files/microchip/xc16/v2.10/bin/bin/../../lib\libc99-pic30-elf.a(typefx.EP_o)
 .debug_aranges
                  0x000238         0x20 c:/program files/microchip/xc16/v2.10/bin/bin/../../lib\libc99-pic30-elf.a(propnanfx.EP_o)
 .debug_aranges
                  0x000258         0x20 c:/program files/microchip/xc16/v2.10/bin/bin/../../lib\libc99-pic30-elf.a(spackfx.EP_o)
 .debug_aranges
                  0x000278         0x20 c:/program files/microchip/xc16/v2.10/bin/bin/../../lib\libc99-pic30-elf.a(unpackfx.EP_o)
 .debug_aranges
                  0x000298         0x20 c:/program files/microchip/xc16/v2.10/bin/bin/../../lib\libc99-pic30-elf.a(fcompare.EP_o)
 .debug_aranges
                  0x0002b8         0x20 c:/program files/microchip/xc16/v2.10/bin/bin/../../lib\libc99-pic30-elf.a(floatundisf.EP_o)
 .debug_aranges
                  0x0002d8         0x20 c:/program files/microchip/xc16/v2.10/bin/bin/../../lib\libc99-pic30-elf.a(fpack.EP_o)
 .debug_aranges
                  0x0002f8         0x20 c:/program files/microchip/xc16/v2.10/bin/bin/../../lib\libc99-pic30-elf.a(funpack2.EP_o)
                    0x0000                  WREG0 = 0x0
                    0x0000                  _WREG0 = 0x0
                    0x0002                  WREG1 = 0x2
                    0x0002                  _WREG1 = 0x2
                    0x0004                  WREG2 = 0x4
                    0x0004                  _WREG2 = 0x4
                    0x0006                  WREG3 = 0x6
                    0x0006                  _WREG3 = 0x6
                    0x0008                  WREG4 = 0x8
                    0x0008                  _WREG4 = 0x8
                    0x000a                  WREG5 = 0xa
                    0x000a                  _WREG5 = 0xa
                    0x000c                  WREG6 = 0xc
                    0x000c                  _WREG6 = 0xc
                    0x000e                  WREG7 = 0xe
                    0x000e                  _WREG7 = 0xe
                    0x0010                  WREG8 = 0x10
                    0x0010                  _WREG8 = 0x10
                    0x0012                  WREG9 = 0x12
                    0x0012                  _WREG9 = 0x12
                    0x0014                  WREG10 = 0x14
                    0x0014                  _WREG10 = 0x14
                    0x0016                  WREG11 = 0x16
                    0x0016                  _WREG11 = 0x16
                    0x0018                  WREG12 = 0x18
                    0x0018                  _WREG12 = 0x18
                    0x001a                  WREG13 = 0x1a
                    0x001a                  _WREG13 = 0x1a
                    0x001c                  WREG14 = 0x1c
                    0x001c                  _WREG14 = 0x1c
                    0x001e                  WREG15 = 0x1e
                    0x001e                  _WREG15 = 0x1e
                    0x0020                  SPLIM = 0x20
                    0x0020                  _SPLIM = 0x20
                    0x0022                  ACCAL = 0x22
                    0x0022                  _ACCAL = 0x22
                    0x0024                  ACCAH = 0x24
                    0x0024                  _ACCAH = 0x24
                    0x0026                  ACCAU = 0x26
                    0x0026                  _ACCAU = 0x26
                    0x0028                  ACCBL = 0x28
                    0x0028                  _ACCBL = 0x28
                    0x002a                  ACCBH = 0x2a
                    0x002a                  _ACCBH = 0x2a
                    0x002c                  ACCBU = 0x2c
                    0x002c                  _ACCBU = 0x2c
                    0x002e                  PCL = 0x2e
                    0x002e                  _PCL = 0x2e
                    0x0030                  PCH = 0x30
                    0x0030                  _PCH = 0x30
                    0x0032                  DSRPAG = 0x32
                    0x0032                  _DSRPAG = 0x32
                    0x0032                  _DSRPAGbits = 0x32
                    0x0034                  DSWPAG = 0x34
                    0x0034                  _DSWPAG = 0x34
                    0x0034                  _DSWPAGbits = 0x34
                    0x0036                  RCOUNT = 0x36
                    0x0036                  _RCOUNT = 0x36
                    0x0038                  DCOUNT = 0x38
                    0x0038                  _DCOUNT = 0x38
                    0x003a                  DOSTARTL = 0x3a
                    0x003a                  _DOSTARTL = 0x3a
                    0x003c                  DOSTARTH = 0x3c
                    0x003c                  _DOSTARTH = 0x3c
                    0x003e                  DOENDL = 0x3e
                    0x003e                  _DOENDL = 0x3e
                    0x0040                  DOENDH = 0x40
                    0x0040                  _DOENDH = 0x40
                    0x0042                  SR = 0x42
                    0x0042                  _SR = 0x42
                    0x0042                  _SRbits = 0x42
                    0x0044                  CORCON = 0x44
                    0x0044                  _CORCON = 0x44
                    0x0044                  _CORCONbits = 0x44
                    0x0046                  MODCON = 0x46
                    0x0046                  _MODCON = 0x46
                    0x0046                  _MODCONbits = 0x46
                    0x0048                  XMODSRT = 0x48
                    0x0048                  _XMODSRT = 0x48
                    0x004a                  XMODEND = 0x4a
                    0x004a                  _XMODEND = 0x4a
                    0x004c                  YMODSRT = 0x4c
                    0x004c                  _YMODSRT = 0x4c
                    0x004e                  YMODEND = 0x4e
                    0x004e                  _YMODEND = 0x4e
                    0x0050                  XBREV = 0x50
                    0x0050                  _XBREV = 0x50
                    0x0050                  _XBREVbits = 0x50
                    0x0052                  DISICNT = 0x52
                    0x0052                  _DISICNT = 0x52
                    0x0054                  TBLPAG = 0x54
                    0x0054                  _TBLPAG = 0x54
                    0x0054                  _TBLPAGbits = 0x54
                    0x005a                  CTXTSTAT = 0x5a
                    0x005a                  _CTXTSTAT = 0x5a
                    0x005a                  _CTXTSTATbits = 0x5a
                    0x0100                  TMR1 = 0x100
                    0x0100                  _TMR1 = 0x100
                    0x0102                  PR1 = 0x102
                    0x0102                  _PR1 = 0x102
                    0x0104                  T1CON = 0x104
                    0x0104                  _T1CON = 0x104
                    0x0104                  _T1CONbits = 0x104
                    0x0106                  TMR2 = 0x106
                    0x0106                  _TMR2 = 0x106
                    0x0108                  TMR3HLD = 0x108
                    0x0108                  _TMR3HLD = 0x108
                    0x010a                  TMR3 = 0x10a
                    0x010a                  _TMR3 = 0x10a
                    0x010c                  PR2 = 0x10c
                    0x010c                  _PR2 = 0x10c
                    0x010e                  PR3 = 0x10e
                    0x010e                  _PR3 = 0x10e
                    0x0110                  T2CON = 0x110
                    0x0110                  _T2CON = 0x110
                    0x0110                  _T2CONbits = 0x110
                    0x0112                  T3CON = 0x112
                    0x0112                  _T3CON = 0x112
                    0x0112                  _T3CONbits = 0x112
                    0x0114                  TMR4 = 0x114
                    0x0114                  _TMR4 = 0x114
                    0x0116                  TMR5HLD = 0x116
                    0x0116                  _TMR5HLD = 0x116
                    0x0118                  TMR5 = 0x118
                    0x0118                  _TMR5 = 0x118
                    0x011a                  PR4 = 0x11a
                    0x011a                  _PR4 = 0x11a
                    0x011c                  PR5 = 0x11c
                    0x011c                  _PR5 = 0x11c
                    0x011e                  T4CON = 0x11e
                    0x011e                  _T4CON = 0x11e
                    0x011e                  _T4CONbits = 0x11e
                    0x0120                  T5CON = 0x120
                    0x0120                  _T5CON = 0x120
                    0x0120                  _T5CONbits = 0x120
                    0x0140                  IC1CON1 = 0x140
                    0x0140                  _IC1CON1 = 0x140
                    0x0140                  _IC1CON1bits = 0x140
                    0x0142                  IC1CON2 = 0x142
                    0x0142                  _IC1CON2 = 0x142
                    0x0142                  _IC1CON2bits = 0x142
                    0x0144                  IC1BUF = 0x144
                    0x0144                  _IC1BUF = 0x144
                    0x0146                  IC1TMR = 0x146
                    0x0146                  _IC1TMR = 0x146
                    0x0148                  IC2CON1 = 0x148
                    0x0148                  _IC2CON1 = 0x148
                    0x0148                  _IC2CON1bits = 0x148
                    0x014a                  IC2CON2 = 0x14a
                    0x014a                  _IC2CON2 = 0x14a
                    0x014a                  _IC2CON2bits = 0x14a
                    0x014c                  IC2BUF = 0x14c
                    0x014c                  _IC2BUF = 0x14c
                    0x014e                  IC2TMR = 0x14e
                    0x014e                  _IC2TMR = 0x14e
                    0x0150                  IC3CON1 = 0x150
                    0x0150                  _IC3CON1 = 0x150
                    0x0150                  _IC3CON1bits = 0x150
                    0x0152                  IC3CON2 = 0x152
                    0x0152                  _IC3CON2 = 0x152
                    0x0152                  _IC3CON2bits = 0x152
                    0x0154                  IC3BUF = 0x154
                    0x0154                  _IC3BUF = 0x154
                    0x0156                  IC3TMR = 0x156
                    0x0156                  _IC3TMR = 0x156
                    0x0158                  IC4CON1 = 0x158
                    0x0158                  _IC4CON1 = 0x158
                    0x0158                  _IC4CON1bits = 0x158
                    0x015a                  IC4CON2 = 0x15a
                    0x015a                  _IC4CON2 = 0x15a
                    0x015a                  _IC4CON2bits = 0x15a
                    0x015c                  IC4BUF = 0x15c
                    0x015c                  _IC4BUF = 0x15c
                    0x015e                  IC4TMR = 0x15e
                    0x015e                  _IC4TMR = 0x15e
                    0x0200                  I2C1CON1 = 0x200
                    0x0200                  _I2C1CON1 = 0x200
                    0x0200                  _I2C1CON1bits = 0x200
                    0x0200                  I2C1CONL = 0x200
                    0x0200                  _I2C1CONL = 0x200
                    0x0200                  _I2C1CONLbits = 0x200
                    0x0202                  I2C1CON2 = 0x202
                    0x0202                  _I2C1CON2 = 0x202
                    0x0202                  _I2C1CON2bits = 0x202
                    0x0202                  I2C1CONH = 0x202
                    0x0202                  _I2C1CONH = 0x202
                    0x0202                  _I2C1CONHbits = 0x202
                    0x0204                  I2C1STAT = 0x204
                    0x0204                  _I2C1STAT = 0x204
                    0x0204                  _I2C1STATbits = 0x204
                    0x0206                  I2C1ADD = 0x206
                    0x0206                  _I2C1ADD = 0x206
                    0x0206                  _I2C1ADDbits = 0x206
                    0x0208                  I2C1MSK = 0x208
                    0x0208                  _I2C1MSK = 0x208
                    0x0208                  _I2C1MSKbits = 0x208
                    0x020a                  I2C1BRG = 0x20a
                    0x020a                  _I2C1BRG = 0x20a
                    0x020c                  I2C1TRN = 0x20c
                    0x020c                  _I2C1TRN = 0x20c
                    0x020c                  _I2C1TRNbits = 0x20c
                    0x020e                  I2C1RCV = 0x20e
                    0x020e                  _I2C1RCV = 0x20e
                    0x020e                  _I2C1RCVbits = 0x20e
                    0x0210                  I2C2CON1 = 0x210
                    0x0210                  _I2C2CON1 = 0x210
                    0x0210                  _I2C2CON1bits = 0x210
                    0x0210                  I2C2CONL = 0x210
                    0x0210                  _I2C2CONL = 0x210
                    0x0210                  _I2C2CONLbits = 0x210
                    0x0212                  I2C2CON2 = 0x212
                    0x0212                  _I2C2CON2 = 0x212
                    0x0212                  _I2C2CON2bits = 0x212
                    0x0212                  I2C2CONH = 0x212
                    0x0212                  _I2C2CONH = 0x212
                    0x0212                  _I2C2CONHbits = 0x212
                    0x0214                  I2C2STAT = 0x214
                    0x0214                  _I2C2STAT = 0x214
                    0x0214                  _I2C2STATbits = 0x214
                    0x0216                  I2C2ADD = 0x216
                    0x0216                  _I2C2ADD = 0x216
                    0x0216                  _I2C2ADDbits = 0x216
                    0x0218                  I2C2MSK = 0x218
                    0x0218                  _I2C2MSK = 0x218
                    0x0218                  _I2C2MSKbits = 0x218
                    0x021a                  I2C2BRG = 0x21a
                    0x021a                  _I2C2BRG = 0x21a
                    0x021c                  I2C2TRN = 0x21c
                    0x021c                  _I2C2TRN = 0x21c
                    0x021c                  _I2C2TRNbits = 0x21c
                    0x021e                  I2C2RCV = 0x21e
                    0x021e                  _I2C2RCV = 0x21e
                    0x021e                  _I2C2RCVbits = 0x21e
                    0x0220                  U1MODE = 0x220
                    0x0220                  _U1MODE = 0x220
                    0x0220                  _U1MODEbits = 0x220
                    0x0222                  U1STA = 0x222
                    0x0222                  _U1STA = 0x222
                    0x0222                  _U1STAbits = 0x222
                    0x0224                  U1TXREG = 0x224
                    0x0224                  _U1TXREG = 0x224
                    0x0226                  U1RXREG = 0x226
                    0x0226                  _U1RXREG = 0x226
                    0x0228                  U1BRG = 0x228
                    0x0228                  _U1BRG = 0x228
                    0x0230                  U2MODE = 0x230
                    0x0230                  _U2MODE = 0x230
                    0x0230                  _U2MODEbits = 0x230
                    0x0232                  U2STA = 0x232
                    0x0232                  _U2STA = 0x232
                    0x0232                  _U2STAbits = 0x232
                    0x0234                  U2TXREG = 0x234
                    0x0234                  _U2TXREG = 0x234
                    0x0236                  U2RXREG = 0x236
                    0x0236                  _U2RXREG = 0x236
                    0x0238                  U2BRG = 0x238
                    0x0238                  _U2BRG = 0x238
                    0x0240                  SPI1CON1 = 0x240
                    0x0240                  _SPI1CON1 = 0x240
                    0x0240                  _SPI1CON1bits = 0x240
                    0x0240                  SPI1CON1L = 0x240
                    0x0240                  _SPI1CON1L = 0x240
                    0x0240                  _SPI1CON1Lbits = 0x240
                    0x0242                  SPI1CON1H = 0x242
                    0x0242                  _SPI1CON1H = 0x242
                    0x0242                  _SPI1CON1Hbits = 0x242
                    0x0242                  SPI1CON2 = 0x242
                    0x0242                  _SPI1CON2 = 0x242
                    0x0242                  _SPI1CON2bits = 0x242
                    0x0244                  SPI1CON2L = 0x244
                    0x0244                  _SPI1CON2L = 0x244
                    0x0244                  _SPI1CON2Lbits = 0x244
                    0x0244                  SPI1CON3 = 0x244
                    0x0244                  _SPI1CON3 = 0x244
                    0x0244                  _SPI1CON3bits = 0x244
                    0x0248                  SPI1STATL = 0x248
                    0x0248                  _SPI1STATL = 0x248
                    0x0248                  _SPI1STATLbits = 0x248
                    0x024a                  SPI1STATH = 0x24a
                    0x024a                  _SPI1STATH = 0x24a
                    0x024a                  _SPI1STATHbits = 0x24a
                    0x024c                  SPI1BUFL = 0x24c
                    0x024c                  _SPI1BUFL = 0x24c
                    0x024c                  _SPI1BUFLbits = 0x24c
                    0x024e                  SPI1BUFH = 0x24e
                    0x024e                  _SPI1BUFH = 0x24e
                    0x024e                  _SPI1BUFHbits = 0x24e
                    0x0250                  SPI1BRGL = 0x250
                    0x0250                  _SPI1BRGL = 0x250
                    0x0250                  _SPI1BRGLbits = 0x250
                    0x0252                  SPI1BRGH = 0x252
                    0x0252                  _SPI1BRGH = 0x252
                    0x0254                  SPI1IMSK1 = 0x254
                    0x0254                  _SPI1IMSK1 = 0x254
                    0x0254                  _SPI1IMSK1bits = 0x254
                    0x0254                  SPI1IMSKL = 0x254
                    0x0254                  _SPI1IMSKL = 0x254
                    0x0254                  _SPI1IMSKLbits = 0x254
                    0x0256                  SPI1IMSK2 = 0x256
                    0x0256                  _SPI1IMSK2 = 0x256
                    0x0256                  _SPI1IMSK2bits = 0x256
                    0x0256                  SPI1IMSKH = 0x256
                    0x0256                  _SPI1IMSKH = 0x256
                    0x0256                  _SPI1IMSKHbits = 0x256
                    0x0258                  SPI1URDTL = 0x258
                    0x0258                  _SPI1URDTL = 0x258
                    0x0258                  _SPI1URDTLbits = 0x258
                    0x025a                  SPI1URDTH = 0x25a
                    0x025a                  _SPI1URDTH = 0x25a
                    0x025a                  _SPI1URDTHbits = 0x25a
                    0x0260                  SPI2CON1 = 0x260
                    0x0260                  _SPI2CON1 = 0x260
                    0x0260                  _SPI2CON1bits = 0x260
                    0x0260                  SPI2CON1L = 0x260
                    0x0260                  _SPI2CON1L = 0x260
                    0x0260                  _SPI2CON1Lbits = 0x260
                    0x0262                  SPI2CON1H = 0x262
                    0x0262                  _SPI2CON1H = 0x262
                    0x0262                  _SPI2CON1Hbits = 0x262
                    0x0262                  SPI2CON2 = 0x262
                    0x0262                  _SPI2CON2 = 0x262
                    0x0262                  _SPI2CON2bits = 0x262
                    0x0264                  SPI2CON2L = 0x264
                    0x0264                  _SPI2CON2L = 0x264
                    0x0264                  _SPI2CON2Lbits = 0x264
                    0x0264                  SPI2CON3 = 0x264
                    0x0264                  _SPI2CON3 = 0x264
                    0x0264                  _SPI2CON3bits = 0x264
                    0x0266                  SPI2CON2H = 0x266
                    0x0266                  _SPI2CON2H = 0x266
                    0x0266                  SPI2CON4 = 0x266
                    0x0266                  _SPI2CON4 = 0x266
                    0x0268                  SPI2STATL = 0x268
                    0x0268                  _SPI2STATL = 0x268
                    0x0268                  _SPI2STATLbits = 0x268
                    0x026a                  SPI2STATH = 0x26a
                    0x026a                  _SPI2STATH = 0x26a
                    0x026a                  _SPI2STATHbits = 0x26a
                    0x026c                  SPI2BUFL = 0x26c
                    0x026c                  _SPI2BUFL = 0x26c
                    0x026c                  _SPI2BUFLbits = 0x26c
                    0x026e                  SPI2BUFH = 0x26e
                    0x026e                  _SPI2BUFH = 0x26e
                    0x026e                  _SPI2BUFHbits = 0x26e
                    0x0270                  SPI2BRGL = 0x270
                    0x0270                  _SPI2BRGL = 0x270
                    0x0270                  _SPI2BRGLbits = 0x270
                    0x0272                  SPI2BRGH = 0x272
                    0x0272                  _SPI2BRGH = 0x272
                    0x0274                  SPI2IMSK1 = 0x274
                    0x0274                  _SPI2IMSK1 = 0x274
                    0x0274                  _SPI2IMSK1bits = 0x274
                    0x0274                  SPI2IMSKL = 0x274
                    0x0274                  _SPI2IMSKL = 0x274
                    0x0274                  _SPI2IMSKLbits = 0x274
                    0x0276                  SPI2IMSK2 = 0x276
                    0x0276                  _SPI2IMSK2 = 0x276
                    0x0276                  _SPI2IMSK2bits = 0x276
                    0x0276                  SPI2IMSKH = 0x276
                    0x0276                  _SPI2IMSKH = 0x276
                    0x0276                  _SPI2IMSKHbits = 0x276
                    0x0278                  SPI2URDTL = 0x278
                    0x0278                  _SPI2URDTL = 0x278
                    0x0278                  _SPI2URDTLbits = 0x278
                    0x027a                  SPI2URDTH = 0x27a
                    0x027a                  _SPI2URDTH = 0x27a
                    0x027a                  _SPI2URDTHbits = 0x27a
                    0x0300                  ADCON1L = 0x300
                    0x0300                  _ADCON1L = 0x300
                    0x0300                  _ADCON1Lbits = 0x300
                    0x0302                  ADCON1H = 0x302
                    0x0302                  _ADCON1H = 0x302
                    0x0302                  _ADCON1Hbits = 0x302
                    0x0304                  ADCON2L = 0x304
                    0x0304                  _ADCON2L = 0x304
                    0x0304                  _ADCON2Lbits = 0x304
                    0x0306                  ADCON2H = 0x306
                    0x0306                  _ADCON2H = 0x306
                    0x0306                  _ADCON2Hbits = 0x306
                    0x0308                  ADCON3L = 0x308
                    0x0308                  _ADCON3L = 0x308
                    0x0308                  _ADCON3Lbits = 0x308
                    0x030a                  ADCON3H = 0x30a
                    0x030a                  _ADCON3H = 0x30a
                    0x030a                  _ADCON3Hbits = 0x30a
                    0x030c                  ADCON4L = 0x30c
                    0x030c                  _ADCON4L = 0x30c
                    0x030c                  _ADCON4Lbits = 0x30c
                    0x030e                  ADCON4H = 0x30e
                    0x030e                  _ADCON4H = 0x30e
                    0x030e                  _ADCON4Hbits = 0x30e
                    0x0310                  ADMOD0L = 0x310
                    0x0310                  _ADMOD0L = 0x310
                    0x0310                  _ADMOD0Lbits = 0x310
                    0x0312                  ADMOD0H = 0x312
                    0x0312                  _ADMOD0H = 0x312
                    0x0312                  _ADMOD0Hbits = 0x312
                    0x0314                  ADMOD1L = 0x314
                    0x0314                  _ADMOD1L = 0x314
                    0x0314                  _ADMOD1Lbits = 0x314
                    0x0320                  ADIEL = 0x320
                    0x0320                  _ADIEL = 0x320
                    0x0320                  _ADIELbits = 0x320
                    0x0322                  ADIEH = 0x322
                    0x0322                  _ADIEH = 0x322
                    0x0322                  _ADIEHbits = 0x322
                    0x0328                  ADCSSL = 0x328
                    0x0328                  _ADCSSL = 0x328
                    0x0328                  _ADCSSLbits = 0x328
                    0x032a                  ADCSSH = 0x32a
                    0x032a                  _ADCSSH = 0x32a
                    0x032a                  _ADCSSHbits = 0x32a
                    0x0330                  ADSTATL = 0x330
                    0x0330                  _ADSTATL = 0x330
                    0x0330                  _ADSTATLbits = 0x330
                    0x0332                  ADSTATH = 0x332
                    0x0332                  _ADSTATH = 0x332
                    0x0332                  _ADSTATHbits = 0x332
                    0x0338                  ADCMP0ENL = 0x338
                    0x0338                  _ADCMP0ENL = 0x338
                    0x0338                  _ADCMP0ENLbits = 0x338
                    0x033a                  ADCMP0ENH = 0x33a
                    0x033a                  _ADCMP0ENH = 0x33a
                    0x033a                  _ADCMP0ENHbits = 0x33a
                    0x033c                  ADCMP0LO = 0x33c
                    0x033c                  _ADCMP0LO = 0x33c
                    0x033e                  ADCMP0HI = 0x33e
                    0x033e                  _ADCMP0HI = 0x33e
                    0x0340                  ADCMP1ENL = 0x340
                    0x0340                  _ADCMP1ENL = 0x340
                    0x0340                  _ADCMP1ENLbits = 0x340
                    0x0342                  ADCMP1ENH = 0x342
                    0x0342                  _ADCMP1ENH = 0x342
                    0x0342                  _ADCMP1ENHbits = 0x342
                    0x0344                  ADCMP1LO = 0x344
                    0x0344                  _ADCMP1LO = 0x344
                    0x0346                  ADCMP1HI = 0x346
                    0x0346                  _ADCMP1HI = 0x346
                    0x0368                  ADFL0DAT = 0x368
                    0x0368                  _ADFL0DAT = 0x368
                    0x036a                  ADFL0CON = 0x36a
                    0x036a                  _ADFL0CON = 0x36a
                    0x036a                  _ADFL0CONbits = 0x36a
                    0x036c                  ADFL1DAT = 0x36c
                    0x036c                  _ADFL1DAT = 0x36c
                    0x036e                  ADFL1CON = 0x36e
                    0x036e                  _ADFL1CON = 0x36e
                    0x036e                  _ADFL1CONbits = 0x36e
                    0x0380                  ADTRIG0L = 0x380
                    0x0380                  _ADTRIG0L = 0x380
                    0x0380                  _ADTRIG0Lbits = 0x380
                    0x0382                  ADTRIG0H = 0x382
                    0x0382                  _ADTRIG0H = 0x382
                    0x0382                  _ADTRIG0Hbits = 0x382
                    0x0384                  ADTRIG1L = 0x384
                    0x0384                  _ADTRIG1L = 0x384
                    0x0384                  _ADTRIG1Lbits = 0x384
                    0x0386                  ADTRIG1H = 0x386
                    0x0386                  _ADTRIG1H = 0x386
                    0x0386                  _ADTRIG1Hbits = 0x386
                    0x0388                  ADTRIG2L = 0x388
                    0x0388                  _ADTRIG2L = 0x388
                    0x0388                  _ADTRIG2Lbits = 0x388
                    0x038a                  ADTRIG2H = 0x38a
                    0x038a                  _ADTRIG2H = 0x38a
                    0x038a                  _ADTRIG2Hbits = 0x38a
                    0x038c                  ADTRIG3L = 0x38c
                    0x038c                  _ADTRIG3L = 0x38c
                    0x038e                  ADTRIG3H = 0x38e
                    0x038e                  _ADTRIG3H = 0x38e
                    0x038e                  _ADTRIG3Hbits = 0x38e
                    0x0390                  ADTRIG4L = 0x390
                    0x0390                  _ADTRIG4L = 0x390
                    0x0390                  _ADTRIG4Lbits = 0x390
                    0x0392                  ADTRIG4H = 0x392
                    0x0392                  _ADTRIG4H = 0x392
                    0x0392                  _ADTRIG4Hbits = 0x392
                    0x0394                  ADTRIG5L = 0x394
                    0x0394                  _ADTRIG5L = 0x394
                    0x0394                  _ADTRIG5Lbits = 0x394
                    0x03a0                  ADCMP0CON = 0x3a0
                    0x03a0                  _ADCMP0CON = 0x3a0
                    0x03a0                  _ADCMP0CONbits = 0x3a0
                    0x03a4                  ADCMP1CON = 0x3a4
                    0x03a4                  _ADCMP1CON = 0x3a4
                    0x03a4                  _ADCMP1CONbits = 0x3a4
                    0x03c0                  ADBASE = 0x3c0
                    0x03c0                  _ADBASE = 0x3c0
                    0x03c0                  _ADBASEbits = 0x3c0
                    0x03d0                  ADLVLTRGL = 0x3d0
                    0x03d0                  _ADLVLTRGL = 0x3d0
                    0x03d0                  _ADLVLTRGLbits = 0x3d0
                    0x03d2                  ADLVLTRGH = 0x3d2
                    0x03d2                  _ADLVLTRGH = 0x3d2
                    0x03d2                  _ADLVLTRGHbits = 0x3d2
                    0x03d4                  ADCORE0L = 0x3d4
                    0x03d4                  _ADCORE0L = 0x3d4
                    0x03d4                  _ADCORE0Lbits = 0x3d4
                    0x03d6                  ADCORE0H = 0x3d6
                    0x03d6                  _ADCORE0H = 0x3d6
                    0x03d6                  _ADCORE0Hbits = 0x3d6
                    0x03d8                  ADCORE1L = 0x3d8
                    0x03d8                  _ADCORE1L = 0x3d8
                    0x03d8                  _ADCORE1Lbits = 0x3d8
                    0x03da                  ADCORE1H = 0x3da
                    0x03da                  _ADCORE1H = 0x3da
                    0x03da                  _ADCORE1Hbits = 0x3da
                    0x03dc                  ADCORE2L = 0x3dc
                    0x03dc                  _ADCORE2L = 0x3dc
                    0x03dc                  _ADCORE2Lbits = 0x3dc
                    0x03de                  ADCORE2H = 0x3de
                    0x03de                  _ADCORE2H = 0x3de
                    0x03de                  _ADCORE2Hbits = 0x3de
                    0x03e0                  ADCORE3L = 0x3e0
                    0x03e0                  _ADCORE3L = 0x3e0
                    0x03e0                  _ADCORE3Lbits = 0x3e0
                    0x03e2                  ADCORE3H = 0x3e2
                    0x03e2                  _ADCORE3H = 0x3e2
                    0x03e2                  _ADCORE3Hbits = 0x3e2
                    0x03f0                  ADEIEL = 0x3f0
                    0x03f0                  _ADEIEL = 0x3f0
                    0x03f0                  _ADEIELbits = 0x3f0
                    0x03f2                  ADEIEH = 0x3f2
                    0x03f2                  _ADEIEH = 0x3f2
                    0x03f2                  _ADEIEHbits = 0x3f2
                    0x03f8                  ADEISTATL = 0x3f8
                    0x03f8                  _ADEISTATL = 0x3f8
                    0x03f8                  _ADEISTATLbits = 0x3f8
                    0x03fa                  ADEISTATH = 0x3fa
                    0x03fa                  _ADEISTATH = 0x3fa
                    0x03fa                  _ADEISTATHbits = 0x3fa
                    0x0400                  ADCON5L = 0x400
                    0x0400                  _ADCON5L = 0x400
                    0x0400                  _ADCON5Lbits = 0x400
                    0x0402                  ADCON5H = 0x402
                    0x0402                  _ADCON5H = 0x402
                    0x0402                  _ADCON5Hbits = 0x402
                    0x0404                  ADCAL0L = 0x404
                    0x0404                  _ADCAL0L = 0x404
                    0x0404                  _ADCAL0Lbits = 0x404
                    0x0406                  ADCAL0H = 0x406
                    0x0406                  _ADCAL0H = 0x406
                    0x0406                  _ADCAL0Hbits = 0x406
                    0x040a                  ADCAL1H = 0x40a
                    0x040a                  _ADCAL1H = 0x40a
                    0x040a                  _ADCAL1Hbits = 0x40a
                    0x040c                  ADCBUF0 = 0x40c
                    0x040c                  _ADCBUF0 = 0x40c
                    0x040e                  ADCBUF1 = 0x40e
                    0x040e                  _ADCBUF1 = 0x40e
                    0x0410                  ADCBUF2 = 0x410
                    0x0410                  _ADCBUF2 = 0x410
                    0x0412                  ADCBUF3 = 0x412
                    0x0412                  _ADCBUF3 = 0x412
                    0x0414                  ADCBUF4 = 0x414
                    0x0414                  _ADCBUF4 = 0x414
                    0x0418                  ADCBUF6 = 0x418
                    0x0418                  _ADCBUF6 = 0x418
                    0x041a                  ADCBUF7 = 0x41a
                    0x041a                  _ADCBUF7 = 0x41a
                    0x041c                  ADCBUF8 = 0x41c
                    0x041c                  _ADCBUF8 = 0x41c
                    0x041e                  ADCBUF9 = 0x41e
                    0x041e                  _ADCBUF9 = 0x41e
                    0x0420                  ADCBUF10 = 0x420
                    0x0420                  _ADCBUF10 = 0x420
                    0x0422                  ADCBUF11 = 0x422
                    0x0422                  _ADCBUF11 = 0x422
                    0x0428                  ADCBUF14 = 0x428
                    0x0428                  _ADCBUF14 = 0x428
                    0x042e                  ADCBUF17 = 0x42e
                    0x042e                  _ADCBUF17 = 0x42e
                    0x0430                  ADCBUF18 = 0x430
                    0x0430                  _ADCBUF18 = 0x430
                    0x0432                  ADCBUF19 = 0x432
                    0x0432                  _ADCBUF19 = 0x432
                    0x0434                  ADCBUF20 = 0x434
                    0x0434                  _ADCBUF20 = 0x434
                    0x0436                  ADCBUF21 = 0x436
                    0x0436                  _ADCBUF21 = 0x436
                    0x0480                  C1CTRL1 = 0x480
                    0x0480                  _C1CTRL1 = 0x480
                    0x0480                  _C1CTRL1bits = 0x480
                    0x0482                  C1CTRL2 = 0x482
                    0x0482                  _C1CTRL2 = 0x482
                    0x0482                  _C1CTRL2bits = 0x482
                    0x0484                  C1VEC = 0x484
                    0x0484                  _C1VEC = 0x484
                    0x0484                  _C1VECbits = 0x484
                    0x0486                  C1FCTRL = 0x486
                    0x0486                  _C1FCTRL = 0x486
                    0x0486                  _C1FCTRLbits = 0x486
                    0x0488                  C1FIFO = 0x488
                    0x0488                  _C1FIFO = 0x488
                    0x0488                  _C1FIFObits = 0x488
                    0x048a                  C1INTF = 0x48a
                    0x048a                  _C1INTF = 0x48a
                    0x048a                  _C1INTFbits = 0x48a
                    0x048c                  C1INTE = 0x48c
                    0x048c                  _C1INTE = 0x48c
                    0x048c                  _C1INTEbits = 0x48c
                    0x048e                  C1EC = 0x48e
                    0x048e                  _C1EC = 0x48e
                    0x048e                  _C1ECbits = 0x48e
                    0x048e                  C1RERRCNT = 0x48e
                    0x048e                  _C1RERRCNT = 0x48e
                    0x048f                  C1TERRCNT = 0x48f
                    0x048f                  _C1TERRCNT = 0x48f
                    0x0490                  C1CFG1 = 0x490
                    0x0490                  _C1CFG1 = 0x490
                    0x0490                  _C1CFG1bits = 0x490
                    0x0492                  C1CFG2 = 0x492
                    0x0492                  _C1CFG2 = 0x492
                    0x0492                  _C1CFG2bits = 0x492
                    0x0494                  C1FEN1 = 0x494
                    0x0494                  _C1FEN1 = 0x494
                    0x0494                  _C1FEN1bits = 0x494
                    0x0498                  C1FMSKSEL1 = 0x498
                    0x0498                  _C1FMSKSEL1 = 0x498
                    0x0498                  _C1FMSKSEL1bits = 0x498
                    0x049a                  C1FMSKSEL2 = 0x49a
                    0x049a                  _C1FMSKSEL2 = 0x49a
                    0x049a                  _C1FMSKSEL2bits = 0x49a
                    0x04a0                  C1BUFPNT1 = 0x4a0
                    0x04a0                  _C1BUFPNT1 = 0x4a0
                    0x04a0                  _C1BUFPNT1bits = 0x4a0
                    0x04a0                  C1RXFUL1 = 0x4a0
                    0x04a0                  _C1RXFUL1 = 0x4a0
                    0x04a0                  _C1RXFUL1bits = 0x4a0
                    0x04a2                  C1BUFPNT2 = 0x4a2
                    0x04a2                  _C1BUFPNT2 = 0x4a2
                    0x04a2                  _C1BUFPNT2bits = 0x4a2
                    0x04a2                  C1RXFUL2 = 0x4a2
                    0x04a2                  _C1RXFUL2 = 0x4a2
                    0x04a2                  _C1RXFUL2bits = 0x4a2
                    0x04a4                  C1BUFPNT3 = 0x4a4
                    0x04a4                  _C1BUFPNT3 = 0x4a4
                    0x04a4                  _C1BUFPNT3bits = 0x4a4
                    0x04a6                  C1BUFPNT4 = 0x4a6
                    0x04a6                  _C1BUFPNT4 = 0x4a6
                    0x04a6                  _C1BUFPNT4bits = 0x4a6
                    0x04a8                  C1RXOVF1 = 0x4a8
                    0x04a8                  _C1RXOVF1 = 0x4a8
                    0x04a8                  _C1RXOVF1bits = 0x4a8
                    0x04aa                  C1RXOVF2 = 0x4aa
                    0x04aa                  _C1RXOVF2 = 0x4aa
                    0x04aa                  _C1RXOVF2bits = 0x4aa
                    0x04b0                  C1RXM0SID = 0x4b0
                    0x04b0                  _C1RXM0SID = 0x4b0
                    0x04b0                  _C1RXM0SIDbits = 0x4b0
                    0x04b0                  C1TR01CON = 0x4b0
                    0x04b0                  _C1TR01CON = 0x4b0
                    0x04b0                  _C1TR01CONbits = 0x4b0
                    0x04b2                  C1RXM0EID = 0x4b2
                    0x04b2                  _C1RXM0EID = 0x4b2
                    0x04b2                  _C1RXM0EIDbits = 0x4b2
                    0x04b2                  C1TR23CON = 0x4b2
                    0x04b2                  _C1TR23CON = 0x4b2
                    0x04b2                  _C1TR23CONbits = 0x4b2
                    0x04b4                  C1RXM1SID = 0x4b4
                    0x04b4                  _C1RXM1SID = 0x4b4
                    0x04b4                  _C1RXM1SIDbits = 0x4b4
                    0x04b4                  C1TR45CON = 0x4b4
                    0x04b4                  _C1TR45CON = 0x4b4
                    0x04b4                  _C1TR45CONbits = 0x4b4
                    0x04b6                  C1RXM1EID = 0x4b6
                    0x04b6                  _C1RXM1EID = 0x4b6
                    0x04b6                  _C1RXM1EIDbits = 0x4b6
                    0x04b6                  C1TR67CON = 0x4b6
                    0x04b6                  _C1TR67CON = 0x4b6
                    0x04b6                  _C1TR67CONbits = 0x4b6
                    0x04b8                  C1RXM2SID = 0x4b8
                    0x04b8                  _C1RXM2SID = 0x4b8
                    0x04b8                  _C1RXM2SIDbits = 0x4b8
                    0x04ba                  C1RXM2EID = 0x4ba
                    0x04ba                  _C1RXM2EID = 0x4ba
                    0x04ba                  _C1RXM2EIDbits = 0x4ba
                    0x04c0                  C1RXD = 0x4c0
                    0x04c0                  _C1RXD = 0x4c0
                    0x04c0                  C1RXF0SID = 0x4c0
                    0x04c0                  _C1RXF0SID = 0x4c0
                    0x04c0                  _C1RXF0SIDbits = 0x4c0
                    0x04c2                  C1RXF0EID = 0x4c2
                    0x04c2                  _C1RXF0EID = 0x4c2
                    0x04c2                  _C1RXF0EIDbits = 0x4c2
                    0x04c2                  C1TXD = 0x4c2
                    0x04c2                  _C1TXD = 0x4c2
                    0x04c4                  C1RXF1SID = 0x4c4
                    0x04c4                  _C1RXF1SID = 0x4c4
                    0x04c4                  _C1RXF1SIDbits = 0x4c4
                    0x04c6                  C1RXF1EID = 0x4c6
                    0x04c6                  _C1RXF1EID = 0x4c6
                    0x04c6                  _C1RXF1EIDbits = 0x4c6
                    0x04c8                  C1RXF2SID = 0x4c8
                    0x04c8                  _C1RXF2SID = 0x4c8
                    0x04c8                  _C1RXF2SIDbits = 0x4c8
                    0x04ca                  C1RXF2EID = 0x4ca
                    0x04ca                  _C1RXF2EID = 0x4ca
                    0x04ca                  _C1RXF2EIDbits = 0x4ca
                    0x04cc                  C1RXF3SID = 0x4cc
                    0x04cc                  _C1RXF3SID = 0x4cc
                    0x04cc                  _C1RXF3SIDbits = 0x4cc
                    0x04ce                  C1RXF3EID = 0x4ce
                    0x04ce                  _C1RXF3EID = 0x4ce
                    0x04ce                  _C1RXF3EIDbits = 0x4ce
                    0x04d0                  C1RXF4SID = 0x4d0
                    0x04d0                  _C1RXF4SID = 0x4d0
                    0x04d0                  _C1RXF4SIDbits = 0x4d0
                    0x04d2                  C1RXF4EID = 0x4d2
                    0x04d2                  _C1RXF4EID = 0x4d2
                    0x04d2                  _C1RXF4EIDbits = 0x4d2
                    0x04d4                  C1RXF5SID = 0x4d4
                    0x04d4                  _C1RXF5SID = 0x4d4
                    0x04d4                  _C1RXF5SIDbits = 0x4d4
                    0x04d6                  C1RXF5EID = 0x4d6
                    0x04d6                  _C1RXF5EID = 0x4d6
                    0x04d6                  _C1RXF5EIDbits = 0x4d6
                    0x04d8                  C1RXF6SID = 0x4d8
                    0x04d8                  _C1RXF6SID = 0x4d8
                    0x04d8                  _C1RXF6SIDbits = 0x4d8
                    0x04da                  C1RXF6EID = 0x4da
                    0x04da                  _C1RXF6EID = 0x4da
                    0x04da                  _C1RXF6EIDbits = 0x4da
                    0x04dc                  C1RXF7SID = 0x4dc
                    0x04dc                  _C1RXF7SID = 0x4dc
                    0x04dc                  _C1RXF7SIDbits = 0x4dc
                    0x04de                  C1RXF7EID = 0x4de
                    0x04de                  _C1RXF7EID = 0x4de
                    0x04de                  _C1RXF7EIDbits = 0x4de
                    0x04e0                  C1RXF8SID = 0x4e0
                    0x04e0                  _C1RXF8SID = 0x4e0
                    0x04e0                  _C1RXF8SIDbits = 0x4e0
                    0x04e2                  C1RXF8EID = 0x4e2
                    0x04e2                  _C1RXF8EID = 0x4e2
                    0x04e2                  _C1RXF8EIDbits = 0x4e2
                    0x04e4                  C1RXF9SID = 0x4e4
                    0x04e4                  _C1RXF9SID = 0x4e4
                    0x04e4                  _C1RXF9SIDbits = 0x4e4
                    0x04e6                  C1RXF9EID = 0x4e6
                    0x04e6                  _C1RXF9EID = 0x4e6
                    0x04e6                  _C1RXF9EIDbits = 0x4e6
                    0x04e8                  C1RXF10SID = 0x4e8
                    0x04e8                  _C1RXF10SID = 0x4e8
                    0x04e8                  _C1RXF10SIDbits = 0x4e8
                    0x04ea                  C1RXF10EID = 0x4ea
                    0x04ea                  _C1RXF10EID = 0x4ea
                    0x04ea                  _C1RXF10EIDbits = 0x4ea
                    0x04ec                  C1RXF11SID = 0x4ec
                    0x04ec                  _C1RXF11SID = 0x4ec
                    0x04ec                  _C1RXF11SIDbits = 0x4ec
                    0x04ee                  C1RXF11EID = 0x4ee
                    0x04ee                  _C1RXF11EID = 0x4ee
                    0x04ee                  _C1RXF11EIDbits = 0x4ee
                    0x04f0                  C1RXF12SID = 0x4f0
                    0x04f0                  _C1RXF12SID = 0x4f0
                    0x04f0                  _C1RXF12SIDbits = 0x4f0
                    0x04f2                  C1RXF12EID = 0x4f2
                    0x04f2                  _C1RXF12EID = 0x4f2
                    0x04f2                  _C1RXF12EIDbits = 0x4f2
                    0x04f4                  C1RXF13SID = 0x4f4
                    0x04f4                  _C1RXF13SID = 0x4f4
                    0x04f4                  _C1RXF13SIDbits = 0x4f4
                    0x04f6                  C1RXF13EID = 0x4f6
                    0x04f6                  _C1RXF13EID = 0x4f6
                    0x04f6                  _C1RXF13EIDbits = 0x4f6
                    0x04f8                  C1RXF14SID = 0x4f8
                    0x04f8                  _C1RXF14SID = 0x4f8
                    0x04f8                  _C1RXF14SIDbits = 0x4f8
                    0x04fa                  C1RXF14EID = 0x4fa
                    0x04fa                  _C1RXF14EID = 0x4fa
                    0x04fa                  _C1RXF14EIDbits = 0x4fa
                    0x04fc                  C1RXF15SID = 0x4fc
                    0x04fc                  _C1RXF15SID = 0x4fc
                    0x04fc                  _C1RXF15SIDbits = 0x4fc
                    0x04fe                  C1RXF15EID = 0x4fe
                    0x04fe                  _C1RXF15EID = 0x4fe
                    0x04fe                  _C1RXF15EIDbits = 0x4fe
                    0x0500                  ISRCCON = 0x500
                    0x0500                  _ISRCCON = 0x500
                    0x0500                  _ISRCCONbits = 0x500
                    0x0504                  PGA1CON = 0x504
                    0x0504                  _PGA1CON = 0x504
                    0x0504                  _PGA1CONbits = 0x504
                    0x0506                  PGA1CAL = 0x506
                    0x0506                  _PGA1CAL = 0x506
                    0x0506                  _PGA1CALbits = 0x506
                    0x0508                  PGA2CON = 0x508
                    0x0508                  _PGA2CON = 0x508
                    0x0508                  _PGA2CONbits = 0x508
                    0x050a                  PGA2CAL = 0x50a
                    0x050a                  _PGA2CAL = 0x50a
                    0x050a                  _PGA2CALbits = 0x50a
                    0x0540                  CMP1CON = 0x540
                    0x0540                  _CMP1CON = 0x540
                    0x0540                  _CMP1CONbits = 0x540
                    0x0542                  CMP1DAC = 0x542
                    0x0542                  _CMP1DAC = 0x542
                    0x0542                  _CMP1DACbits = 0x542
                    0x0544                  CMP2CON = 0x544
                    0x0544                  _CMP2CON = 0x544
                    0x0544                  _CMP2CONbits = 0x544
                    0x0546                  CMP2DAC = 0x546
                    0x0546                  _CMP2DAC = 0x546
                    0x0546                  _CMP2DACbits = 0x546
                    0x0548                  CMP3CON = 0x548
                    0x0548                  _CMP3CON = 0x548
                    0x0548                  _CMP3CONbits = 0x548
                    0x054a                  CMP3DAC = 0x54a
                    0x054a                  _CMP3DAC = 0x54a
                    0x054a                  _CMP3DACbits = 0x54a
                    0x054c                  CMP4CON = 0x54c
                    0x054c                  _CMP4CON = 0x54c
                    0x054c                  _CMP4CONbits = 0x54c
                    0x054e                  CMP4DAC = 0x54e
                    0x054e                  _CMP4DAC = 0x54e
                    0x054e                  _CMP4DACbits = 0x54e
                    0x0600                  SPI3CON1 = 0x600
                    0x0600                  _SPI3CON1 = 0x600
                    0x0600                  _SPI3CON1bits = 0x600
                    0x0600                  SPI3CON1L = 0x600
                    0x0600                  _SPI3CON1L = 0x600
                    0x0600                  _SPI3CON1Lbits = 0x600
                    0x0602                  SPI3CON1H = 0x602
                    0x0602                  _SPI3CON1H = 0x602
                    0x0602                  _SPI3CON1Hbits = 0x602
                    0x0602                  SPI3CON2 = 0x602
                    0x0602                  _SPI3CON2 = 0x602
                    0x0602                  _SPI3CON2bits = 0x602
                    0x0604                  SPI3CON2L = 0x604
                    0x0604                  _SPI3CON2L = 0x604
                    0x0604                  _SPI3CON2Lbits = 0x604
                    0x0604                  SPI3CON3 = 0x604
                    0x0604                  _SPI3CON3 = 0x604
                    0x0604                  _SPI3CON3bits = 0x604
                    0x0606                  SPI3CON2H = 0x606
                    0x0606                  _SPI3CON2H = 0x606
                    0x0606                  SPI3CON4 = 0x606
                    0x0606                  _SPI3CON4 = 0x606
                    0x0608                  SPI3STATL = 0x608
                    0x0608                  _SPI3STATL = 0x608
                    0x0608                  _SPI3STATLbits = 0x608
                    0x060a                  SPI3STATH = 0x60a
                    0x060a                  _SPI3STATH = 0x60a
                    0x060a                  _SPI3STATHbits = 0x60a
                    0x060c                  SPI3BUFL = 0x60c
                    0x060c                  _SPI3BUFL = 0x60c
                    0x060c                  _SPI3BUFLbits = 0x60c
                    0x060e                  SPI3BUFH = 0x60e
                    0x060e                  _SPI3BUFH = 0x60e
                    0x060e                  _SPI3BUFHbits = 0x60e
                    0x0610                  SPI3BRGL = 0x610
                    0x0610                  _SPI3BRGL = 0x610
                    0x0610                  _SPI3BRGLbits = 0x610
                    0x0612                  SPI3BRGH = 0x612
                    0x0612                  _SPI3BRGH = 0x612
                    0x0614                  SPI3IMSK1 = 0x614
                    0x0614                  _SPI3IMSK1 = 0x614
                    0x0614                  _SPI3IMSK1bits = 0x614
                    0x0614                  SPI3IMSKL = 0x614
                    0x0614                  _SPI3IMSKL = 0x614
                    0x0614                  _SPI3IMSKLbits = 0x614
                    0x0616                  SPI3IMSK2 = 0x616
                    0x0616                  _SPI3IMSK2 = 0x616
                    0x0616                  _SPI3IMSK2bits = 0x616
                    0x0616                  SPI3IMSKH = 0x616
                    0x0616                  _SPI3IMSKH = 0x616
                    0x0616                  _SPI3IMSKHbits = 0x616
                    0x0618                  SPI3URDTL = 0x618
                    0x0618                  _SPI3URDTL = 0x618
                    0x0618                  _SPI3URDTLbits = 0x618
                    0x061a                  SPI3URDTH = 0x61a
                    0x061a                  _SPI3URDTH = 0x61a
                    0x061a                  _SPI3URDTHbits = 0x61a
                    0x0668                  RPOR0 = 0x668
                    0x0668                  _RPOR0 = 0x668
                    0x0668                  _RPOR0bits = 0x668
                    0x066a                  RPOR1 = 0x66a
                    0x066a                  _RPOR1 = 0x66a
                    0x066a                  _RPOR1bits = 0x66a
                    0x066c                  RPOR2 = 0x66c
                    0x066c                  _RPOR2 = 0x66c
                    0x066c                  _RPOR2bits = 0x66c
                    0x066e                  RPOR3 = 0x66e
                    0x066e                  _RPOR3 = 0x66e
                    0x066e                  _RPOR3bits = 0x66e
                    0x0670                  RPOR4 = 0x670
                    0x0670                  _RPOR4 = 0x670
                    0x0670                  _RPOR4bits = 0x670
                    0x0672                  RPOR5 = 0x672
                    0x0672                  _RPOR5 = 0x672
                    0x0672                  _RPOR5bits = 0x672
                    0x0674                  RPOR6 = 0x674
                    0x0674                  _RPOR6 = 0x674
                    0x0674                  _RPOR6bits = 0x674
                    0x0676                  RPOR7 = 0x676
                    0x0676                  _RPOR7 = 0x676
                    0x0676                  _RPOR7bits = 0x676
                    0x0678                  RPOR8 = 0x678
                    0x0678                  _RPOR8 = 0x678
                    0x0678                  _RPOR8bits = 0x678
                    0x067a                  RPOR9 = 0x67a
                    0x067a                  _RPOR9 = 0x67a
                    0x067a                  _RPOR9bits = 0x67a
                    0x067c                  RPOR10 = 0x67c
                    0x067c                  _RPOR10 = 0x67c
                    0x067c                  _RPOR10bits = 0x67c
                    0x067e                  RPOR11 = 0x67e
                    0x067e                  _RPOR11 = 0x67e
                    0x067e                  _RPOR11bits = 0x67e
                    0x0680                  RPOR12 = 0x680
                    0x0680                  _RPOR12 = 0x680
                    0x0680                  _RPOR12bits = 0x680
                    0x0682                  RPOR13 = 0x682
                    0x0682                  _RPOR13 = 0x682
                    0x0682                  _RPOR13bits = 0x682
                    0x0684                  RPOR14 = 0x684
                    0x0684                  _RPOR14 = 0x684
                    0x0684                  _RPOR14bits = 0x684
                    0x0686                  RPOR15 = 0x686
                    0x0686                  _RPOR15 = 0x686
                    0x0686                  _RPOR15bits = 0x686
                    0x0688                  RPOR16 = 0x688
                    0x0688                  _RPOR16 = 0x688
                    0x0688                  _RPOR16bits = 0x688
                    0x068a                  RPOR17 = 0x68a
                    0x068a                  _RPOR17 = 0x68a
                    0x068a                  _RPOR17bits = 0x68a
                    0x068c                  RPOR18 = 0x68c
                    0x068c                  _RPOR18 = 0x68c
                    0x068c                  _RPOR18bits = 0x68c
                    0x068e                  RPOR19 = 0x68e
                    0x068e                  _RPOR19 = 0x68e
                    0x068e                  _RPOR19bits = 0x68e
                    0x0690                  RPOR20 = 0x690
                    0x0690                  _RPOR20 = 0x690
                    0x0690                  _RPOR20bits = 0x690
                    0x0692                  RPOR21 = 0x692
                    0x0692                  _RPOR21 = 0x692
                    0x0692                  _RPOR21bits = 0x692
                    0x0694                  RPOR22 = 0x694
                    0x0694                  _RPOR22 = 0x694
                    0x0694                  _RPOR22bits = 0x694
                    0x0696                  RPOR23 = 0x696
                    0x0696                  _RPOR23 = 0x696
                    0x0696                  _RPOR23bits = 0x696
                    0x0698                  RPOR24 = 0x698
                    0x0698                  _RPOR24 = 0x698
                    0x0698                  _RPOR24bits = 0x698
                    0x069a                  RPOR25 = 0x69a
                    0x069a                  _RPOR25 = 0x69a
                    0x069a                  _RPOR25bits = 0x69a
                    0x069c                  RPOR26 = 0x69c
                    0x069c                  _RPOR26 = 0x69c
                    0x069c                  _RPOR26bits = 0x69c
                    0x06a0                  RPINR0 = 0x6a0
                    0x06a0                  _RPINR0 = 0x6a0
                    0x06a0                  _RPINR0bits = 0x6a0
                    0x06a2                  RPINR1 = 0x6a2
                    0x06a2                  _RPINR1 = 0x6a2
                    0x06a2                  _RPINR1bits = 0x6a2
                    0x06a4                  RPINR2 = 0x6a4
                    0x06a4                  _RPINR2 = 0x6a4
                    0x06a4                  _RPINR2bits = 0x6a4
                    0x06a6                  RPINR3 = 0x6a6
                    0x06a6                  _RPINR3 = 0x6a6
                    0x06a6                  _RPINR3bits = 0x6a6
                    0x06ae                  RPINR7 = 0x6ae
                    0x06ae                  _RPINR7 = 0x6ae
                    0x06ae                  _RPINR7bits = 0x6ae
                    0x06b0                  RPINR8 = 0x6b0
                    0x06b0                  _RPINR8 = 0x6b0
                    0x06b0                  _RPINR8bits = 0x6b0
                    0x06b6                  RPINR11 = 0x6b6
                    0x06b6                  _RPINR11 = 0x6b6
                    0x06b6                  _RPINR11bits = 0x6b6
                    0x06b8                  RPINR12 = 0x6b8
                    0x06b8                  _RPINR12 = 0x6b8
                    0x06b8                  _RPINR12bits = 0x6b8
                    0x06ba                  RPINR13 = 0x6ba
                    0x06ba                  _RPINR13 = 0x6ba
                    0x06ba                  _RPINR13bits = 0x6ba
                    0x06c4                  RPINR18 = 0x6c4
                    0x06c4                  _RPINR18 = 0x6c4
                    0x06c4                  _RPINR18bits = 0x6c4
                    0x06c6                  RPINR19 = 0x6c6
                    0x06c6                  _RPINR19 = 0x6c6
                    0x06c6                  _RPINR19bits = 0x6c6
                    0x06c8                  RPINR20 = 0x6c8
                    0x06c8                  _RPINR20 = 0x6c8
                    0x06c8                  _RPINR20bits = 0x6c8
                    0x06ca                  RPINR21 = 0x6ca
                    0x06ca                  _RPINR21 = 0x6ca
                    0x06ca                  _RPINR21bits = 0x6ca
                    0x06cc                  RPINR22 = 0x6cc
                    0x06cc                  _RPINR22 = 0x6cc
                    0x06cc                  _RPINR22bits = 0x6cc
                    0x06ce                  RPINR23 = 0x6ce
                    0x06ce                  _RPINR23 = 0x6ce
                    0x06ce                  _RPINR23bits = 0x6ce
                    0x06d4                  RPINR26 = 0x6d4
                    0x06d4                  _RPINR26 = 0x6d4
                    0x06d4                  _RPINR26bits = 0x6d4
                    0x06da                  RPINR29 = 0x6da
                    0x06da                  _RPINR29 = 0x6da
                    0x06da                  _RPINR29bits = 0x6da
                    0x06dc                  RPINR30 = 0x6dc
                    0x06dc                  _RPINR30 = 0x6dc
                    0x06dc                  _RPINR30bits = 0x6dc
                    0x06ea                  RPINR37 = 0x6ea
                    0x06ea                  _RPINR37 = 0x6ea
                    0x06ea                  _RPINR37bits = 0x6ea
                    0x06ec                  RPINR38 = 0x6ec
                    0x06ec                  _RPINR38 = 0x6ec
                    0x06ec                  _RPINR38bits = 0x6ec
                    0x06f4                  RPINR42 = 0x6f4
                    0x06f4                  _RPINR42 = 0x6f4
                    0x06f4                  _RPINR42bits = 0x6f4
                    0x06f6                  RPINR43 = 0x6f6
                    0x06f6                  _RPINR43 = 0x6f6
                    0x06f6                  _RPINR43bits = 0x6f6
                    0x06fa                  RPINR45 = 0x6fa
                    0x06fa                  _RPINR45 = 0x6fa
                    0x06fa                  _RPINR45bits = 0x6fa
                    0x06fc                  RPINR46 = 0x6fc
                    0x06fc                  _RPINR46 = 0x6fc
                    0x06fc                  _RPINR46bits = 0x6fc
                    0x0728                  NVMCON = 0x728
                    0x0728                  _NVMCON = 0x728
                    0x0728                  _NVMCONbits = 0x728
                    0x072a                  NVMADR = 0x72a
                    0x072a                  _NVMADR = 0x72a
                    0x072a                  _NVMADRbits = 0x72a
                    0x072a                  NVMADRL = 0x72a
                    0x072a                  _NVMADRL = 0x72a
                    0x072a                  _NVMADRLbits = 0x72a
                    0x072c                  NVMADRH = 0x72c
                    0x072c                  _NVMADRH = 0x72c
                    0x072c                  _NVMADRHbits = 0x72c
                    0x072c                  NVMADRU = 0x72c
                    0x072c                  _NVMADRU = 0x72c
                    0x072c                  _NVMADRUbits = 0x72c
                    0x072e                  NVMKEY = 0x72e
                    0x072e                  _NVMKEY = 0x72e
                    0x0730                  NVMSRCADDR = 0x730
                    0x0730                  _NVMSRCADDR = 0x730
                    0x0730                  _NVMSRCADDRbits = 0x730
                    0x0730                  NVMSRCADR = 0x730
                    0x0730                  _NVMSRCADR = 0x730
                    0x0730                  _NVMSRCADRbits = 0x730
                    0x0730                  NVMSRCADRL = 0x730
                    0x0730                  _NVMSRCADRL = 0x730
                    0x0730                  _NVMSRCADRLbits = 0x730
                    0x0732                  NVMSRCADRH = 0x732
                    0x0732                  _NVMSRCADRH = 0x732
                    0x0732                  _NVMSRCADRHbits = 0x732
                    0x0740                  RCON = 0x740
                    0x0740                  _RCON = 0x740
                    0x0740                  _RCONbits = 0x740
                    0x0742                  OSCCON = 0x742
                    0x0742                  _OSCCON = 0x742
                    0x0742                  _OSCCONbits = 0x742
                    0x0742                  OSCCONL = 0x742
                    0x0742                  _OSCCONL = 0x742
                    0x0743                  OSCCONH = 0x743
                    0x0743                  _OSCCONH = 0x743
                    0x0744                  CLKDIV = 0x744
                    0x0744                  _CLKDIV = 0x744
                    0x0744                  _CLKDIVbits = 0x744
                    0x0746                  PLLFBD = 0x746
                    0x0746                  _PLLFBD = 0x746
                    0x0746                  _PLLFBDbits = 0x746
                    0x0748                  OSCTUN = 0x748
                    0x0748                  _OSCTUN = 0x748
                    0x0748                  _OSCTUNbits = 0x748
                    0x074c                  LFSR = 0x74c
                    0x074c                  _LFSR = 0x74c
                    0x074c                  _LFSRbits = 0x74c
                    0x074e                  REFOCON = 0x74e
                    0x074e                  _REFOCON = 0x74e
                    0x074e                  _REFOCONbits = 0x74e
                    0x0750                  ACLKCON = 0x750
                    0x0750                  _ACLKCON = 0x750
                    0x0750                  _ACLKCONbits = 0x750
                    0x0760                  PMD1 = 0x760
                    0x0760                  _PMD1 = 0x760
                    0x0760                  _PMD1bits = 0x760
                    0x0762                  PMD2 = 0x762
                    0x0762                  _PMD2 = 0x762
                    0x0762                  _PMD2bits = 0x762
                    0x0764                  PMD3 = 0x764
                    0x0764                  _PMD3 = 0x764
                    0x0764                  _PMD3bits = 0x764
                    0x0766                  PMD4 = 0x766
                    0x0766                  _PMD4 = 0x766
                    0x0766                  _PMD4bits = 0x766
                    0x076a                  PMD6 = 0x76a
                    0x076a                  _PMD6 = 0x76a
                    0x076a                  _PMD6bits = 0x76a
                    0x076c                  PMD7 = 0x76c
                    0x076c                  _PMD7 = 0x76c
                    0x076c                  _PMD7bits = 0x76c
                    0x076e                  PMD8 = 0x76e
                    0x076e                  _PMD8 = 0x76e
                    0x076e                  _PMD8bits = 0x76e
                    0x0780                  C2CTRL1 = 0x780
                    0x0780                  _C2CTRL1 = 0x780
                    0x0780                  _C2CTRL1bits = 0x780
                    0x0782                  C2CTRL2 = 0x782
                    0x0782                  _C2CTRL2 = 0x782
                    0x0782                  _C2CTRL2bits = 0x782
                    0x0784                  C2VEC = 0x784
                    0x0784                  _C2VEC = 0x784
                    0x0784                  _C2VECbits = 0x784
                    0x0786                  C2FCTRL = 0x786
                    0x0786                  _C2FCTRL = 0x786
                    0x0786                  _C2FCTRLbits = 0x786
                    0x0788                  C2FIFO = 0x788